TransactionEnvelope {transaction = Transaction {sourceAccount = PublicKeyEd25519 {unPublicKeyEd25519 = 73796464499382006151152614252603807196781827224650109053774855681839325681133}, fee = Fee {unFee = 500}, seqNum = SequenceNumber {unSequenceNumber = 46283168877117510}, timeBounds = Nothing, memo = MemoNone, operations = VarLen {unVarLen = [Operation {sourceAccount = Nothing, body = ManageOffer (ManageOfferOp {selling = AssetCreditAlphanum4 (AssetCode4 {unAssetCode4 = 1129208064}) (PublicKeyEd25519 {unPublicKeyEd25519 = 12020110078372443445778830331393468099140010802731689699023048901958341411043}), buying = AssetNative, amount = 90000000, price = Price {numerator = 921, denominator = 2000}, offerId = OfferId {unOfferId = 0}})},Operation {sourceAccount = Nothing, body = ManageOffer (ManageOfferOp {selling = AssetCreditAlphanum4 (AssetCode4 {unAssetCode4 = 1431520256}) (PublicKeyEd25519 {unPublicKeyEd25519 = 12020110078372443445778830331393468099140010802731689699023048901958341411043}), buying = AssetNative, amount = 90000000, price = Price {numerator = 1747, denominator = 10000}, offerId = OfferId {unOfferId = 0}})},Operation {sourceAccount = Nothing, body = ManageOffer (ManageOfferOp {selling = AssetNative, buying = AssetCreditAlphanum4 (AssetCode4 {unAssetCode4 = 1481789440}) (PublicKeyEd25519 {unPublicKeyEd25519 = 12020110078372443445778830331393468099140010802731689699023048901958341411043}), amount = 70000000, price = Price {numerator = 4333, denominator = 5000}, offerId = OfferId {unOfferId = 0}})},Operation {sourceAccount = Nothing, body = ManageOffer (ManageOfferOp {selling = AssetNative, buying = AssetCreditAlphanum4 (AssetCode4 {unAssetCode4 = 1482245888}) (PublicKeyEd25519 {unPublicKeyEd25519 = 12020110078372443445778830331393468099140010802731689699023048901958341411043}), amount = 50000000, price = Price {numerator = 6917, denominator = 10000}, offerId = OfferId {unOfferId = 0}})},Operation {sourceAccount = Nothing, body = ManageOffer (ManageOfferOp {selling = AssetNative, buying = AssetCreditAlphanum4 (AssetCode4 {unAssetCode4 = 1481395456}) (PublicKeyEd25519 {unPublicKeyEd25519 = 12020110078372443445778830331393468099140010802731689699023048901958341411043}), amount = 10000000, price = Price {numerator = 5897, denominator = 10000}, offerId = OfferId {unOfferId = 0}})}]}}, signatures = VarLen {unVarLen = [DecoratedSignature {hint = SignatureHint {unSignatureHint = 909809133}, signature = Signature {unSignature = VarLen {unVarLen = "\135\DC1\"\145jd\155\ETB\US\t;\136<N\212\234\213\SOH\DC2\148\202\177\167\251F\213o\a\131##\221\147\SO9\SYN)\180\128\132\DLEm\168\157o<0\186\255g\\\192\240l<\143\207\251\134B-\225\225\v"}}}]}}